Inno Setup 6 Command-Line Compiler
Copyright (C) 1997-2026 Jordan Russell. All rights reserved.
Portions Copyright (C) 2000-2026 Martijn Laan. All rights reserved.
Portions Copyright (C) 2001-2004 Alex Yackimoff. All rights reserved.
https://www.innosetup.com

Compiler engine version: Inno Setup 6.7.3
Non-commercial use only

Preprocessing
   Reading file: C:\Users\santo\AppData\Local\Programs\Inno Setup 6\ISPPBuiltins.iss
Parsing [Setup] section, line 10
Parsing [Setup] section, line 11
Parsing [Setup] section, line 12
Parsing [Setup] section, line 13
Parsing [Setup] section, line 14
Parsing [Setup] section, line 15
Parsing [Setup] section, line 16
Parsing [Setup] section, line 17
Parsing [Setup] section, line 18
Parsing [Setup] section, line 19
Parsing [Setup] section, line 20
Parsing [Setup] section, line 21
Parsing [Setup] section, line 22
Parsing [Setup] section, line 23
Parsing [Setup] section, line 24
Parsing [Setup] section, line 25
Parsing [Setup] section, line 26
Parsing [Setup] section, line 27
Parsing [Setup] section, line 28
Reading file (WizardImageFile)
Reading file (WizardSmallImageFile)
   Reading file: C:\Users\santo\Documents\TGDESK\installers\..\branding\wizard_small.bmp
Preparing Setup program executable
   Verification successful
   Updating icons (Setup.e32)
   Updating version info (Setup.e32)
Determining language code pages
   Reading file: C:\Users\santo\AppData\Local\Programs\Inno Setup 6\Default.isl
   Messages in script file
Reading default messages from Default.isl
Parsing [LangOptions], [Messages], and [CustomMessages] sections
   Reading file: C:\Users\santo\AppData\Local\Programs\Inno Setup 6\Default.isl
   Messages in script file
Reading [Code] section
Parsing [Dirs] section, line 31
Parsing [Dirs] section, line 32
Parsing [Dirs] section, line 33
Parsing [Dirs] section, line 34
Parsing [Dirs] section, line 35
Parsing [Dirs] section, line 36
Parsing [Dirs] section, line 37
Parsing [Icons] section, line 64
Parsing [Icons] section, line 65
Parsing [Icons] section, line 66
Parsing [Registry] section, line 70
Parsing [Registry] section, line 71
Parsing [Registry] section, line 72
Parsing [Registry] section, line 73
Parsing [Registry] section, line 74
Parsing [InstallDelete] section, line 42
Parsing [InstallDelete] section, line 43
Parsing [InstallDelete] section, line 44
Parsing [InstallDelete] section, line 45
Parsing [InstallDelete] section, line 46
Parsing [InstallDelete] section, line 47
Parsing [InstallDelete] section, line 48
Parsing [InstallDelete] section, line 49
Parsing [InstallDelete] section, line 50
Parsing [InstallDelete] section, line 51
Parsing [InstallDelete] section, line 52
Parsing [InstallDelete] section, line 53
Parsing [InstallDelete] section, line 54
Parsing [InstallDelete] section, line 55
Parsing [InstallDelete] section, line 56
Parsing [InstallDelete] section, line 57
Parsing [InstallDelete] section, line 58
Parsing [UninstallDelete] section, line 441
Parsing [UninstallDelete] section, line 442
Parsing [UninstallRun] section, line 438
Parsing [Files] section, line 61
Compiling [Code] section
Creating setup files
   Verification successful
   Updating icons (Setup.exe)
   Compressing: C:\Users\santo\Documents\TGDESK\installers\stage-unified\desktop_drop_plugin.dll
   Compressing: C:\Users\santo\Documents\TGDESK\installers\stage-unified\desktop_multi_window_plugin.dll
   Compressing: C:\Users\santo\Documents\TGDESK\installers\stage-unified\file_selector_windows_plugin.dll
   Compressing: C:\Users\santo\Documents\TGDESK\installers\stage-unified\flutter_custom_cursor_plugin.dll
   Compressing: C:\Users\santo\Documents\TGDESK\installers\stage-unified\flutter_gpu_texture_renderer_plugin.dll
   Compressing: C:\Users\santo\Documents\TGDESK\installers\stage-unified\flutter_windows.dll
   Compressing: C:\Users\santo\Documents\TGDESK\installers\stage-unified\librustdesk.dll
   Compressing: C:\Users\santo\Documents\TGDESK\installers\stage-unified\screen_retriever_plugin.dll
   Compressing: C:\Users\santo\Documents\TGDESK\installers\stage-unified\texture_rgba_renderer_plugin.dll
   Compressing: C:\Users\santo\Documents\TGDESK\installers\stage-unified\tgdesk.exe
   Compressing: C:\Users\santo\Documents\TGDESK\installers\stage-unified\tgdesk_agent.dll
   Compressing: C:\Users\santo\Documents\TGDESK\installers\stage-unified\uni_links_desktop_plugin.dll
   Compressing: C:\Users\santo\Documents\TGDESK\installers\stage-unified\url_launcher_windows_plugin.dll
   Compressing: C:\Users\santo\Documents\TGDESK\installers\stage-unified\version.txt
   Compressing: C:\Users\santo\Documents\TGDESK\installers\stage-unified\window_manager_plugin.dll
   Compressing: C:\Users\santo\Documents\TGDESK\installers\stage-unified\window_size_plugin.dll
   Compressing: C:\Users\santo\Documents\TGDESK\installers\stage-unified\wireguard.dll
   Compressing: C:\Users\santo\Documents\TGDESK\installers\stage-unified\data\app.so
   Compressing: C:\Users\santo\Documents\TGDESK\installers\stage-unified\data\icudtl.dat
   Compressing: C:\Users\santo\Documents\TGDESK\installers\stage-unified\data\flutter_assets\AssetManifest.bin
   Compressing: C:\Users\santo\Documents\TGDESK\installers\stage-unified\data\flutter_assets\AssetManifest.json
   Compressing: C:\Users\santo\Documents\TGDESK\installers\stage-unified\data\flutter_assets\FontManifest.json
   Compressing: C:\Users\santo\Documents\TGDESK\installers\stage-unified\data\flutter_assets\NOTICES.Z
   Compressing: C:\Users\santo\Documents\TGDESK\installers\stage-unified\data\flutter_assets\assets\actions.svg
   Compressing: C:\Users\santo\Documents\TGDESK\installers\stage-unified\data\flutter_assets\assets\actions_mobile.svg
   Compressing: C:\Users\santo\Documents\TGDESK\installers\stage-unified\data\flutter_assets\assets\address_book.ttf
   Compressing: C:\Users\santo\Documents\TGDESK\installers\stage-unified\data\flutter_assets\assets\android.svg
   Compressing: C:\Users\santo\Documents\TGDESK\installers\stage-unified\data\flutter_assets\assets\arrow.svg
   Compressing: C:\Users\santo\Documents\TGDESK\installers\stage-unified\data\flutter_assets\assets\auth-apple.svg
   Compressing: C:\Users\santo\Documents\TGDESK\installers\stage-unified\data\flutter_assets\assets\auth-auth0.svg
   Compressing: C:\Users\santo\Documents\TGDESK\installers\stage-unified\data\flutter_assets\assets\auth-default.svg
   Compressing: C:\Users\santo\Documents\TGDESK\installers\stage-unified\data\flutter_assets\assets\auth-facebook.svg
   Compressing: C:\Users\santo\Documents\TGDESK\installers\stage-unified\data\flutter_assets\assets\auth-github.svg
   Compressing: C:\Users\santo\Documents\TGDESK\installers\stage-unified\data\flutter_assets\assets\auth-gitlab.svg
   Compressing: C:\Users\santo\Documents\TGDESK\installers\stage-unified\data\flutter_assets\assets\auth-google.svg
   Compressing: C:\Users\santo\Documents\TGDESK\installers\stage-unified\data\flutter_assets\assets\auth-microsoft.svg
   Compressing: C:\Users\santo\Documents\TGDESK\installers\stage-unified\data\flutter_assets\assets\auth-okta.svg
   Compressing: C:\Users\santo\Documents\TGDESK\installers\stage-unified\data\flutter_assets\assets\call_end.svg
   Compressing: C:\Users\santo\Documents\TGDESK\installers\stage-unified\data\flutter_assets\assets\call_wait.svg
   Compressing: C:\Users\santo\Documents\TGDESK\installers\stage-unified\data\flutter_assets\assets\chat.svg
   Compressing: C:\Users\santo\Documents\TGDESK\installers\stage-unified\data\flutter_assets\assets\chat2.svg
   Compressing: C:\Users\santo\Documents\TGDESK\installers\stage-unified\data\flutter_assets\assets\checkbox-outline.svg
   Compressing: C:\Users\santo\Documents\TGDESK\installers\stage-unified\data\flutter_assets\assets\chevron_up_chevron_down.svg
   Compressing: C:\Users\santo\Documents\TGDESK\installers\stage-unified\data\flutter_assets\assets\close.svg
   Compressing: C:\Users\santo\Documents\TGDESK\installers\stage-unified\data\flutter_assets\assets\device_group.ttf
   Compressing: C:\Users\santo\Documents\TGDESK\installers\stage-unified\data\flutter_assets\assets\display.svg
   Compressing: C:\Users\santo\Documents\TGDESK\installers\stage-unified\data\flutter_assets\assets\display_switcher.svg
   Compressing: C:\Users\santo\Documents\TGDESK\installers\stage-unified\data\flutter_assets\assets\dots.svg
   Compressing: C:\Users\santo\Documents\TGDESK\installers\stage-unified\data\flutter_assets\assets\file.svg
   Compressing: C:\Users\santo\Documents\TGDESK\installers\stage-unified\data\flutter_assets\assets\file_transfer.svg
   Compressing: C:\Users\santo\Documents\TGDESK\installers\stage-unified\data\flutter_assets\assets\folder.svg
   Compressing: C:\Users\santo\Documents\TGDESK\installers\stage-unified\data\flutter_assets\assets\folder_new.svg
   Compressing: C:\Users\santo\Documents\TGDESK\installers\stage-unified\data\flutter_assets\assets\fullscreen.svg
   Compressing: C:\Users\santo\Documents\TGDESK\installers\stage-unified\data\flutter_assets\assets\fullscreen_exit.svg
   Compressing: C:\Users\santo\Documents\TGDESK\installers\stage-unified\data\flutter_assets\assets\gestures.ttf
   Compressing: C:\Users\santo\Documents\TGDESK\installers\stage-unified\data\flutter_assets\assets\home.svg
   Compressing: C:\Users\santo\Documents\TGDESK\installers\stage-unified\data\flutter_assets\assets\icon.svg
   Compressing: C:\Users\santo\Documents\TGDESK\installers\stage-unified\data\flutter_assets\assets\insecure.svg
   Compressing: C:\Users\santo\Documents\TGDESK\installers\stage-unified\data\flutter_assets\assets\insecure_relay.svg
   Compressing: C:\Users\santo\Documents\TGDESK\installers\stage-unified\data\flutter_assets\assets\kb_layout_iso.svg
   Compressing: C:\Users\santo\Documents\TGDESK\installers\stage-unified\data\flutter_assets\assets\kb_layout_not_iso.svg
   Compressing: C:\Users\santo\Documents\TGDESK\installers\stage-unified\data\flutter_assets\assets\keyboard_mouse.svg
   Compressing: C:\Users\santo\Documents\TGDESK\installers\stage-unified\data\flutter_assets\assets\linux.svg
   Compressing: C:\Users\santo\Documents\TGDESK\installers\stage-unified\data\flutter_assets\assets\mac.svg
   Compressing: C:\Users\santo\Documents\TGDESK\installers\stage-unified\data\flutter_assets\assets\message_24dp_5F6368.svg
   Compressing: C:\Users\santo\Documents\TGDESK\installers\stage-unified\data\flutter_assets\assets\more.ttf
   Compressing: C:\Users\santo\Documents\TGDESK\installers\stage-unified\data\flutter_assets\assets\peer_searchbar.ttf
   Compressing: C:\Users\santo\Documents\TGDESK\installers\stage-unified\data\flutter_assets\assets\pinned.svg
   Compressing: C:\Users\santo\Documents\TGDESK\installers\stage-unified\data\flutter_assets\assets\rec.svg
   Compressing: C:\Users\santo\Documents\TGDESK\installers\stage-unified\data\flutter_assets\assets\record_screen.svg
   Compressing: C:\Users\santo\Documents\TGDESK\installers\stage-unified\data\flutter_assets\assets\refresh.svg
   Compressing: C:\Users\santo\Documents\TGDESK\installers\stage-unified\data\flutter_assets\assets\scam.png
   Compressing: C:\Users\santo\Documents\TGDESK\installers\stage-unified\data\flutter_assets\assets\screen.svg
   Compressing: C:\Users\santo\Documents\TGDESK\installers\stage-unified\data\flutter_assets\assets\search.svg
   Compressing: C:\Users\santo\Documents\TGDESK\installers\stage-unified\data\flutter_assets\assets\secure.svg
   Compressing: C:\Users\santo\Documents\TGDESK\installers\stage-unified\data\flutter_assets\assets\secure_relay.svg
   Compressing: C:\Users\santo\Documents\TGDESK\installers\stage-unified\data\flutter_assets\assets\tabbar.ttf
   Compressing: C:\Users\santo\Documents\TGDESK\installers\stage-unified\data\flutter_assets\assets\tgdesk_icon.png
   Compressing: C:\Users\santo\Documents\TGDESK\installers\stage-unified\data\flutter_assets\assets\tgdesk_logo_horizontal.png
   Compressing: C:\Users\santo\Documents\TGDESK\installers\stage-unified\data\flutter_assets\assets\transfer.svg
   Compressing: C:\Users\santo\Documents\TGDESK\installers\stage-unified\data\flutter_assets\assets\trash.svg
   Compressing: C:\Users\santo\Documents\TGDESK\installers\stage-unified\data\flutter_assets\assets\unpinned.svg
   Compressing: C:\Users\santo\Documents\TGDESK\installers\stage-unified\data\flutter_assets\assets\voice_call.svg
   Compressing: C:\Users\santo\Documents\TGDESK\installers\stage-unified\data\flutter_assets\assets\voice_call_waiting.svg
   Compressing: C:\Users\santo\Documents\TGDESK\installers\stage-unified\data\flutter_assets\assets\win.svg
   Compressing: C:\Users\santo\Documents\TGDESK\installers\stage-unified\data\flutter_assets\fonts\MaterialIcons-Regular.otf
   Compressing: C:\Users\santo\Documents\TGDESK\installers\stage-unified\data\flutter_assets\packages\dash_chat_2\assets\placeholder.png
   Compressing: C:\Users\santo\Documents\TGDESK\installers\stage-unified\data\flutter_assets\packages\dash_chat_2\assets\profile_placeholder.png
   Compressing: C:\Users\santo\Documents\TGDESK\installers\stage-unified\data\flutter_assets\packages\flex_color_picker\assets\opacity.png
   Compressing: C:\Users\santo\Documents\TGDESK\installers\stage-unified\data\flutter_assets\packages\wakelock_plus\assets\no_sleep.js
   Compressing: C:\Users\santo\Documents\TGDESK\installers\stage-unified\data\flutter_assets\packages\window_manager\images\ic_chrome_close.png
   Compressing: C:\Users\santo\Documents\TGDESK\installers\stage-unified\data\flutter_assets\packages\window_manager\images\ic_chrome_maximize.png
   Compressing: C:\Users\santo\Documents\TGDESK\installers\stage-unified\data\flutter_assets\packages\window_manager\images\ic_chrome_minimize.png
   Compressing: C:\Users\santo\Documents\TGDESK\installers\stage-unified\data\flutter_assets\packages\window_manager\images\ic_chrome_unmaximize.png
   Compressing: C:\Users\santo\Documents\TGDESK\installers\stage-unified\data\flutter_assets\shaders\ink_sparkle.frag
   Compressing Setup program executable
   Updating version info (Setup.exe)
   Updating manifest (Setup.exe)

Warning: The [Setup] section directive "PrivilegesRequired" is set to "admin" but per-user areas (HKCU,localappdata,userappdata,userstartup) are used by the script. Regardless of the version of Windows, if the installation is running in administrative install mode then you should be careful about making any per-user area changes: such changes may not achieve what you are intending. See the "UsedUserAreasWarning" topic in help file for more information.

Successful compile (14,437 sec). Resulting Setup program filename is:
C:\Users\santo\Documents\TGDESK\installers\output\tgdesk-installer-0.4.1.exe
