{
    "schema_version":  1,
    "phase":  "godzmind-build",
    "run_id":  "build-20260730T025224Z",
    "scope":  "Full",
    "state":  "passed",
    "measured_at":  "2026-07-30T02:54:01.4429057Z",
    "steps":  [
                  {
                      "name":  "powershell-syntax",
                      "state":  "passed",
                      "exit_code":  0,
                      "duration_ms":  147,
                      "log":  "C:\\Users\\santo\\Documents\\TGDESK\\testlab\\artifacts\\godzmind\\build-20260730T025224Z\\powershell-syntax.log",
                      "error":  null
                  },
                  {
                      "name":  "json-contracts",
                      "state":  "passed",
                      "exit_code":  0,
                      "duration_ms":  51,
                      "log":  "C:\\Users\\santo\\Documents\\TGDESK\\testlab\\artifacts\\godzmind\\build-20260730T025224Z\\json-contracts.log",
                      "error":  null
                  },
                  {
                      "name":  "go-server-api-core",
                      "state":  "passed",
                      "exit_code":  0,
                      "duration_ms":  13753,
                      "log":  "C:\\Users\\santo\\Documents\\TGDESK\\testlab\\artifacts\\godzmind\\build-20260730T025224Z\\go-server-api-core.log",
                      "error":  null
                  },
                  {
                      "name":  "go-client-agent",
                      "state":  "passed",
                      "exit_code":  0,
                      "duration_ms":  8832,
                      "log":  "C:\\Users\\santo\\Documents\\TGDESK\\testlab\\artifacts\\godzmind\\build-20260730T025224Z\\go-client-agent.log",
                      "error":  null
                  },
                  {
                      "name":  "go-client-host",
                      "state":  "passed",
                      "exit_code":  0,
                      "duration_ms":  8043,
                      "log":  "C:\\Users\\santo\\Documents\\TGDESK\\testlab\\artifacts\\godzmind\\build-20260730T025224Z\\go-client-host.log",
                      "error":  null
                  },
                  {
                      "name":  "go-client-tunnel",
                      "state":  "passed",
                      "exit_code":  0,
                      "duration_ms":  7880,
                      "log":  "C:\\Users\\santo\\Documents\\TGDESK\\testlab\\artifacts\\godzmind\\build-20260730T025224Z\\go-client-tunnel.log",
                      "error":  null
                  },
                  {
                      "name":  "go-client-updater",
                      "state":  "passed",
                      "exit_code":  0,
                      "duration_ms":  8917,
                      "log":  "C:\\Users\\santo\\Documents\\TGDESK\\testlab\\artifacts\\godzmind\\build-20260730T025224Z\\go-client-updater.log",
                      "error":  null
                  },
                  {
                      "name":  "go-client-agent-versioning-tests",
                      "state":  "passed",
                      "exit_code":  0,
                      "duration_ms":  5094,
                      "log":  "C:\\Users\\santo\\Documents\\TGDESK\\testlab\\artifacts\\godzmind\\build-20260730T025224Z\\go-client-agent-versioning-tests.log",
                      "error":  null
                  },
                  {
                      "name":  "flutter-analyze",
                      "state":  "passed",
                      "exit_code":  0,
                      "duration_ms":  11896,
                      "log":  "C:\\Users\\santo\\Documents\\TGDESK\\testlab\\artifacts\\godzmind\\build-20260730T025224Z\\flutter-analyze.log",
                      "error":  null
                  },
                  {
                      "name":  "rust-contracts",
                      "state":  "passed",
                      "exit_code":  0,
                      "duration_ms":  55,
                      "log":  "C:\\Users\\santo\\Documents\\TGDESK\\testlab\\artifacts\\godzmind\\build-20260730T025224Z\\rust-contracts.log",
                      "error":  null
                  },
                  {
                      "name":  "flutter-windows-release",
                      "state":  "passed",
                      "exit_code":  0,
                      "duration_ms":  14045,
                      "log":  "C:\\Users\\santo\\Documents\\TGDESK\\testlab\\artifacts\\godzmind\\build-20260730T025224Z\\flutter-windows-release.log",
                      "error":  null
                  },
                  {
                      "name":  "installer-stage-sync",
                      "state":  "passed",
                      "exit_code":  0,
                      "duration_ms":  127,
                      "log":  "C:\\Users\\santo\\Documents\\TGDESK\\testlab\\artifacts\\godzmind\\build-20260730T025224Z\\installer-stage-sync.log",
                      "error":  null
                  },
                  {
                      "name":  "installer-compile",
                      "state":  "passed",
                      "exit_code":  0,
                      "duration_ms":  17493,
                      "log":  "C:\\Users\\santo\\Documents\\TGDESK\\testlab\\artifacts\\godzmind\\build-20260730T025224Z\\installer-compile.log",
                      "error":  null
                  },
                  {
                      "name":  "installer-artifact-metadata",
                      "state":  "passed",
                      "exit_code":  0,
                      "duration_ms":  364,
                      "log":  "C:\\Users\\santo\\Documents\\TGDESK\\testlab\\artifacts\\godzmind\\build-20260730T025224Z\\installer-artifact-metadata.log",
                      "error":  null
                  }
              ]
}
