{
    "schema_version":  1,
    "phase":  "godzmind-build",
    "run_id":  "build-20260730T024940Z",
    "scope":  "Full",
    "state":  "passed",
    "measured_at":  "2026-07-30T02:51:23.8973593Z",
    "steps":  [
                  {
                      "name":  "powershell-syntax",
                      "state":  "passed",
                      "exit_code":  0,
                      "duration_ms":  145,
                      "log":  "C:\\Users\\santo\\Documents\\TGDESK\\testlab\\artifacts\\godzmind\\build-20260730T024940Z\\powershell-syntax.log",
                      "error":  null
                  },
                  {
                      "name":  "json-contracts",
                      "state":  "passed",
                      "exit_code":  0,
                      "duration_ms":  50,
                      "log":  "C:\\Users\\santo\\Documents\\TGDESK\\testlab\\artifacts\\godzmind\\build-20260730T024940Z\\json-contracts.log",
                      "error":  null
                  },
                  {
                      "name":  "go-server-api-core",
                      "state":  "passed",
                      "exit_code":  0,
                      "duration_ms":  17458,
                      "log":  "C:\\Users\\santo\\Documents\\TGDESK\\testlab\\artifacts\\godzmind\\build-20260730T024940Z\\go-server-api-core.log",
                      "error":  null
                  },
                  {
                      "name":  "go-client-agent",
                      "state":  "passed",
                      "exit_code":  0,
                      "duration_ms":  8584,
                      "log":  "C:\\Users\\santo\\Documents\\TGDESK\\testlab\\artifacts\\godzmind\\build-20260730T024940Z\\go-client-agent.log",
                      "error":  null
                  },
                  {
                      "name":  "go-client-host",
                      "state":  "passed",
                      "exit_code":  0,
                      "duration_ms":  9183,
                      "log":  "C:\\Users\\santo\\Documents\\TGDESK\\testlab\\artifacts\\godzmind\\build-20260730T024940Z\\go-client-host.log",
                      "error":  null
                  },
                  {
                      "name":  "go-client-tunnel",
                      "state":  "passed",
                      "exit_code":  0,
                      "duration_ms":  7890,
                      "log":  "C:\\Users\\santo\\Documents\\TGDESK\\testlab\\artifacts\\godzmind\\build-20260730T024940Z\\go-client-tunnel.log",
                      "error":  null
                  },
                  {
                      "name":  "go-client-updater",
                      "state":  "passed",
                      "exit_code":  0,
                      "duration_ms":  8833,
                      "log":  "C:\\Users\\santo\\Documents\\TGDESK\\testlab\\artifacts\\godzmind\\build-20260730T024940Z\\go-client-updater.log",
                      "error":  null
                  },
                  {
                      "name":  "go-client-agent-versioning-tests",
                      "state":  "passed",
                      "exit_code":  0,
                      "duration_ms":  4633,
                      "log":  "C:\\Users\\santo\\Documents\\TGDESK\\testlab\\artifacts\\godzmind\\build-20260730T024940Z\\go-client-agent-versioning-tests.log",
                      "error":  null
                  },
                  {
                      "name":  "flutter-analyze",
                      "state":  "passed",
                      "exit_code":  0,
                      "duration_ms":  12503,
                      "log":  "C:\\Users\\santo\\Documents\\TGDESK\\testlab\\artifacts\\godzmind\\build-20260730T024940Z\\flutter-analyze.log",
                      "error":  null
                  },
                  {
                      "name":  "rust-contracts",
                      "state":  "passed",
                      "exit_code":  0,
                      "duration_ms":  130,
                      "log":  "C:\\Users\\santo\\Documents\\TGDESK\\testlab\\artifacts\\godzmind\\build-20260730T024940Z\\rust-contracts.log",
                      "error":  null
                  },
                  {
                      "name":  "flutter-windows-release",
                      "state":  "passed",
                      "exit_code":  0,
                      "duration_ms":  16117,
                      "log":  "C:\\Users\\santo\\Documents\\TGDESK\\testlab\\artifacts\\godzmind\\build-20260730T024940Z\\flutter-windows-release.log",
                      "error":  null
                  },
                  {
                      "name":  "installer-stage-sync",
                      "state":  "passed",
                      "exit_code":  0,
                      "duration_ms":  233,
                      "log":  "C:\\Users\\santo\\Documents\\TGDESK\\testlab\\artifacts\\godzmind\\build-20260730T024940Z\\installer-stage-sync.log",
                      "error":  null
                  },
                  {
                      "name":  "installer-compile",
                      "state":  "passed",
                      "exit_code":  0,
                      "duration_ms":  17493,
                      "log":  "C:\\Users\\santo\\Documents\\TGDESK\\testlab\\artifacts\\godzmind\\build-20260730T024940Z\\installer-compile.log",
                      "error":  null
                  },
                  {
                      "name":  "installer-artifact-metadata",
                      "state":  "passed",
                      "exit_code":  0,
                      "duration_ms":  401,
                      "log":  "C:\\Users\\santo\\Documents\\TGDESK\\testlab\\artifacts\\godzmind\\build-20260730T024940Z\\installer-artifact-metadata.log",
                      "error":  null
                  }
              ]
}
